// Jest Snapshot v1, https://goo.gl/fbAQLP

exports[`CSV parser unit tests should successfully parse the file 1`] = `
[
  {
    "distributedId": "dist_jirka",
    "mainframeId": "mf_jirka",
    "userName": "Jirka",
  },
  {
    "distributedId": "dist_lena",
    "mainframeId": "mf_lena",
    "userName": "Lena",
  },
  {
    "distributedId": "dist_pablo",
    "mainframeId": "mf_pablo",
    "userName": "Pablo",
  },
]
`;
