// Jest Snapshot v1, https://goo.gl/fbAQLP

exports[`Racf Commands should create the commands 1`] = `
[
  "RACMAP ID(mf_jir) MAP USERDIDFILTER(NAME('dist_jirka')) REGISTRY(NAME('ldap://host:1234')) WITHLABEL('Jirka')",
  "RACMAP ID(mf_lena) MAP USERDIDFILTER(NAME('dist_lena')) REGISTRY(NAME('ldap://host:1234')) WITHLABEL('Lena')",
  "RACMAP ID(mf_pab) MAP USERDIDFILTER(NAME('dist_pablo')) REGISTRY(NAME('ldap://host:1234')) WITHLABEL('Pablo')",
  "RACMAP ID(mf_name) MAP USERDIDFILTER(NAME('Dist naaaaaaaaaaaaaaaaaaaaaaaaaaaaaaaaaaaaaaaaaaaaaaaaaaaaaaaaaaaaaaaaaaaaaaaaaaaaaaaaaaaaaaaaaaaaaaaaaaaaaaaaaaaaaaaaaaaaaaaaaaaaaaaaaaaaaaaaaaaaaaaaaaaaaaaaaaaaaaaaaaaaaaaaaaaaaaaaaaaaaaaaaaaaame ok')) REGISTRY(NAME('ldap://host:1234')) WITHLABEL('Name')",
  "SETROPTS RACLIST(IDIDMAP) REFRESH
",
]
`;
