// Jest Snapshot v1, https://goo.gl/fbAQLP

exports[`Dashboard Container should render the container 1`] = `
Object {
  "asFragment": [Function],
  "baseElement": <body>
    <div>
      <div
        class="App"
      >
        <div>
          <div
            style="margin-left: 100px; margin-right: 100px;"
          >
            <br />
            <br />
            <div>
              <button
                class="MuiButtonBase-root MuiButton-root MuiButton-text"
                iconstart="[object Object]"
                tabindex="0"
                type="button"
              >
                <span
                  class="MuiButton-label"
                >
                  Go to Dashboard
                </span>
                <span
                  class="MuiTouchRipple-root"
                />
              </button>
            </div>
            <br />
            <div
              class="local-dev-debug"
            >
              <h4
                class="MuiTypography-root MuiTypography-h4"
                style="color: rgb(222, 27, 27);"
              >
                An unexpected browser error occurred
              </h4>
              <br />
              <h6
                class="MuiTypography-root MuiTypography-h6"
                style="color: black; font-weight: semiBold;"
              >
                You are seeing this page because an unexpected error occurred while rendering your page.
                <br />
                <br />
                <b>
                  You can return to the Dashboard by clicking on the button above.
                </b>
              </h6>
              <h6
                class="MuiTypography-root MuiTypography-h6"
              >
                <pre>
                  <code>
                    Cannot read properties of undefined (reading 'errors')
                  </code>
                </pre>
              </h6>
              <div
                class="wrap-collabsible"
              >
                <input
                  class="toggle"
                  id="collapsible"
                  type="checkbox"
                />
                <label
                  class="lbl-toggle"
                  for="collapsible"
                >
                  Display the error stack
                </label>
                <div
                  class="collapsible-content"
                >
                  <div
                    class="content-inner"
                  >
                    <h5
                      class="MuiTypography-root MuiTypography-h5"
                    >
                      <pre>
                        <code>
                          TypeError: Cannot read properties of undefined (reading 'errors')
    at Function.mapToProps (/Users/at670475/IntelliJProjects/zowe_repo/api-layer/api-catalog-ui/frontend/src/components/Error/ErrorContainer.jsx:15:32)
    at proxy (/Users/at670475/IntelliJProjects/zowe_repo/api-layer/api-catalog-ui/frontend/node_modules/react-redux/lib/connect/wrapMapToProps.js:53:92)
    at Function.mapToProps (/Users/at670475/IntelliJProjects/zowe_repo/api-layer/api-catalog-ui/frontend/node_modules/react-redux/lib/connect/wrapMapToProps.js:62:19)
    at mapStateToProps (/Users/at670475/IntelliJProjects/zowe_repo/api-layer/api-catalog-ui/frontend/node_modules/react-redux/lib/connect/wrapMapToProps.js:53:46)
    at handleFirstCall (/Users/at670475/IntelliJProjects/zowe_repo/api-layer/api-catalog-ui/frontend/node_modules/react-redux/lib/connect/selectorFactory.js:36:18)
    at childPropsSelector (/Users/at670475/IntelliJProjects/zowe_repo/api-layer/api-catalog-ui/frontend/node_modules/react-redux/lib/connect/selectorFactory.js:77:81)
    at nextCreate (/Users/at670475/IntelliJProjects/zowe_repo/api-layer/api-catalog-ui/frontend/node_modules/react-redux/lib/components/connectAdvanced.js:344:16)
    at mountMemo (/Users/at670475/IntelliJProjects/zowe_repo/api-layer/api-catalog-ui/frontend/node_modules/react-dom/cjs/react-dom.development.js:15846:19)
    at Object.useMemo (/Users/at670475/IntelliJProjects/zowe_repo/api-layer/api-catalog-ui/frontend/node_modules/react-dom/cjs/react-dom.development.js:16219:16)
    at usePureOnlyMemo (/Users/at670475/IntelliJProjects/zowe_repo/api-layer/api-catalog-ui/frontend/node_modules/react/cjs/react.development.js:1532:21)
    at Component (/Users/at670475/IntelliJProjects/zowe_repo/api-layer/api-catalog-ui/frontend/node_modules/react-redux/lib/components/connectAdvanced.js:329:30)
    at renderWithHooks (/Users/at670475/IntelliJProjects/zowe_repo/api-layer/api-catalog-ui/frontend/node_modules/react-dom/cjs/react-dom.development.js:14985:18)
    at updateFunctionComponent (/Users/at670475/IntelliJProjects/zowe_repo/api-layer/api-catalog-ui/frontend/node_modules/react-dom/cjs/react-dom.development.js:17356:20)
    at updateSimpleMemoComponent (/Users/at670475/IntelliJProjects/zowe_repo/api-layer/api-catalog-ui/frontend/node_modules/react-dom/cjs/react-dom.development.js:17215:10)
    at updateMemoComponent (/Users/at670475/IntelliJProjects/zowe_repo/api-layer/api-catalog-ui/frontend/node_modules/react-dom/cjs/react-dom.development.js:17092:14)
    at apply (/Users/at670475/IntelliJProjects/zowe_repo/api-layer/api-catalog-ui/frontend/node_modules/react-dom/cjs/react-dom.development.js:19135:16)
    at HTMLUnknownElement.callCallback (/Users/at670475/IntelliJProjects/zowe_repo/api-layer/api-catalog-ui/frontend/node_modules/react-dom/cjs/react-dom.development.js:3945:14)
    at HTMLUnknownElement.callTheUserObjectsOperation (/Users/at670475/IntelliJProjects/zowe_repo/api-layer/api-catalog-ui/frontend/node_modules/jsdom/lib/jsdom/living/generated/EventListener.js:26:30)
    at innerInvokeEventListeners (/Users/at670475/IntelliJProjects/zowe_repo/api-layer/api-catalog-ui/frontend/node_modules/jsdom/lib/jsdom/living/events/EventTarget-impl.js:338:25)
    at invokeEventListeners (/Users/at670475/IntelliJProjects/zowe_repo/api-layer/api-catalog-ui/frontend/node_modules/jsdom/lib/jsdom/living/events/EventTarget-impl.js:274:3)
    at HTMLUnknownElementImpl._dispatch (/Users/at670475/IntelliJProjects/zowe_repo/api-layer/api-catalog-ui/frontend/node_modules/jsdom/lib/jsdom/living/events/EventTarget-impl.js:221:9)
    at HTMLUnknownElementImpl.dispatchEvent (/Users/at670475/IntelliJProjects/zowe_repo/api-layer/api-catalog-ui/frontend/node_modules/jsdom/lib/jsdom/living/events/EventTarget-impl.js:94:17)
    at HTMLUnknownElement.dispatchEvent (/Users/at670475/IntelliJProjects/zowe_repo/api-layer/api-catalog-ui/frontend/node_modules/jsdom/lib/jsdom/living/generated/EventTarget.js:231:34)
    at Object.apply (/Users/at670475/IntelliJProjects/zowe_repo/api-layer/api-catalog-ui/frontend/node_modules/react-dom/cjs/react-dom.development.js:3994:16)
    at invokeGuardedCallback (/Users/at670475/IntelliJProjects/zowe_repo/api-layer/api-catalog-ui/frontend/node_modules/react-dom/cjs/react-dom.development.js:4056:31)
    at beginWork$1 (/Users/at670475/IntelliJProjects/zowe_repo/api-layer/api-catalog-ui/frontend/node_modules/react-dom/cjs/react-dom.development.js:23964:7)
    at performUnitOfWork (/Users/at670475/IntelliJProjects/zowe_repo/api-layer/api-catalog-ui/frontend/node_modules/react-dom/cjs/react-dom.development.js:22779:12)
    at workLoopSync (/Users/at670475/IntelliJProjects/zowe_repo/api-layer/api-catalog-ui/frontend/node_modules/react-dom/cjs/react-dom.development.js:22707:5)
    at renderRootSync (/Users/at670475/IntelliJProjects/zowe_repo/api-layer/api-catalog-ui/frontend/node_modules/react-dom/cjs/react-dom.development.js:22670:7)
    at performSyncWorkOnRoot (/Users/at670475/IntelliJProjects/zowe_repo/api-layer/api-catalog-ui/frontend/node_modules/react-dom/cjs/react-dom.development.js:22293:18)
    at scheduleUpdateOnFiber (/Users/at670475/IntelliJProjects/zowe_repo/api-layer/api-catalog-ui/frontend/node_modules/react-dom/cjs/react-dom.development.js:21881:7)
    at updateContainer (/Users/at670475/IntelliJProjects/zowe_repo/api-layer/api-catalog-ui/frontend/node_modules/react-dom/cjs/react-dom.development.js:25482:3)
    at fn (/Users/at670475/IntelliJProjects/zowe_repo/api-layer/api-catalog-ui/frontend/node_modules/react-dom/cjs/react-dom.development.js:26021:7)
    at unbatchedUpdates (/Users/at670475/IntelliJProjects/zowe_repo/api-layer/api-catalog-ui/frontend/node_modules/react-dom/cjs/react-dom.development.js:22431:12)
    at legacyRenderSubtreeIntoContainer (/Users/at670475/IntelliJProjects/zowe_repo/api-layer/api-catalog-ui/frontend/node_modules/react-dom/cjs/react-dom.development.js:26020:5)
    at Object.render (/Users/at670475/IntelliJProjects/zowe_repo/api-layer/api-catalog-ui/frontend/node_modules/react-dom/cjs/react-dom.development.js:26103:10)
    at fn (/Users/at670475/IntelliJProjects/zowe_repo/api-layer/api-catalog-ui/frontend/node_modules/@testing-library/react/dist/pure.js:101:25)
    at batchedUpdates (/Users/at670475/IntelliJProjects/zowe_repo/api-layer/api-catalog-ui/frontend/node_modules/react-dom/cjs/react-dom.development.js:22380:12)
    at act (/Users/at670475/IntelliJProjects/zowe_repo/api-layer/api-catalog-ui/frontend/node_modules/react-dom/cjs/react-dom-test-utils.development.js:1042:14)
    at render (/Users/at670475/IntelliJProjects/zowe_repo/api-layer/api-catalog-ui/frontend/node_modules/@testing-library/react/dist/pure.js:97:25)
    at Object.&lt;anonymous&gt; (/Users/at670475/IntelliJProjects/zowe_repo/api-layer/api-catalog-ui/frontend/src/components/App/AppContainer.test.jsx:49:27)
    at Promise.then.completed (/Users/at670475/IntelliJProjects/zowe_repo/api-layer/api-catalog-ui/frontend/node_modules/jest-circus/build/utils.js:391:28)
    at new Promise (&lt;anonymous&gt;)
    at callAsyncCircusFn (/Users/at670475/IntelliJProjects/zowe_repo/api-layer/api-catalog-ui/frontend/node_modules/jest-circus/build/utils.js:316:10)
    at _callCircusHook (/Users/at670475/IntelliJProjects/zowe_repo/api-layer/api-catalog-ui/frontend/node_modules/jest-circus/build/run.js:181:40)
    at processTicksAndRejections (node:internal/process/task_queues:96:5)
    at _runTest (/Users/at670475/IntelliJProjects/zowe_repo/api-layer/api-catalog-ui/frontend/node_modules/jest-circus/build/run.js:148:5)
    at _runTestsForDescribeBlock (/Users/at670475/IntelliJProjects/zowe_repo/api-layer/api-catalog-ui/frontend/node_modules/jest-circus/build/run.js:66:9)
    at _runTestsForDescribeBlock (/Users/at670475/IntelliJProjects/zowe_repo/api-layer/api-catalog-ui/frontend/node_modules/jest-circus/build/run.js:60:9)
    at run (/Users/at670475/IntelliJProjects/zowe_repo/api-layer/api-catalog-ui/frontend/node_modules/jest-circus/build/run.js:25:3)
    at runAndTransformResultsToJestFormat (/Users/at670475/IntelliJProjects/zowe_repo/api-layer/api-catalog-ui/frontend/node_modules/jest-circus/build/legacy-code-todo-rewrite/jestAdapterInit.js:170:21)
    at jestAdapter (/Users/at670475/IntelliJProjects/zowe_repo/api-layer/api-catalog-ui/frontend/node_modules/jest-circus/build/legacy-code-todo-rewrite/jestAdapter.js:68:19)
    at runTestInternal (/Users/at670475/IntelliJProjects/zowe_repo/api-layer/api-catalog-ui/frontend/node_modules/react-scripts/node_modules/jest-runner/build/runTest.js:250:16)
    at runTest (/Users/at670475/IntelliJProjects/zowe_repo/api-layer/api-catalog-ui/frontend/node_modules/react-scripts/node_modules/jest-runner/build/runTest.js:310:7)
    at TestRunner.runTests (/Users/at670475/IntelliJProjects/zowe_repo/api-layer/api-catalog-ui/frontend/node_modules/react-scripts/node_modules/jest-runner/build/index.js:73:12)
    at TestScheduler.scheduleTests (/Users/at670475/IntelliJProjects/zowe_repo/api-layer/api-catalog-ui/frontend/node_modules/react-scripts/node_modules/@jest/core/build/TestScheduler.js:333:13)
    at runJest (/Users/at670475/IntelliJProjects/zowe_repo/api-layer/api-catalog-ui/frontend/node_modules/react-scripts/node_modules/@jest/core/build/runJest.js:404:19)
    at _run10000 (/Users/at670475/IntelliJProjects/zowe_repo/api-layer/api-catalog-ui/frontend/node_modules/react-scripts/node_modules/@jest/core/build/cli/index.js:320:7)
    at runCLI (/Users/at670475/IntelliJProjects/zowe_repo/api-layer/api-catalog-ui/frontend/node_modules/react-scripts/node_modules/@jest/core/build/cli/index.js:173:3)
    at Object.run (/Users/at670475/IntelliJProjects/zowe_repo/api-layer/api-catalog-ui/frontend/node_modules/react-scripts/node_modules/jest-cli/build/cli/index.js:155:37)
                        </code>
                      </pre>
                    </h5>
                  </div>
                </div>
              </div>
              <br />
              <br />
              <div
                class="wrap-collabsible2"
              >
                <input
                  class="toggle2"
                  id="collapsible2"
                  type="checkbox"
                />
                <label
                  class="lbl-toggle2"
                  for="collapsible2"
                >
                  Display the component stack
                </label>
                <div
                  class="collapsible-content2"
                >
                  <div
                    class="content-inner2"
                  >
                    <h5
                      class="MuiTypography-root MuiTypography-h5"
                    >
                      <pre>
                        <code>
                          
    at fn (/Users/at670475/IntelliJProjects/zowe_repo/api-layer/api-catalog-ui/frontend/node_modules/react-redux/lib/components/connectAdvanced.js:238:40)
    at construct (/Users/at670475/IntelliJProjects/zowe_repo/api-layer/api-catalog-ui/frontend/src/components/ErrorBoundary/BigShield/BigShield.jsx:18:9)
    at div
    at construct (/Users/at670475/IntelliJProjects/zowe_repo/api-layer/api-catalog-ui/frontend/src/components/App/App.jsx:24:1)
    at fn (/Users/at670475/IntelliJProjects/zowe_repo/api-layer/api-catalog-ui/frontend/node_modules/react-router-dom/node_modules/react-router/modules/withRouter.js:14:13)
    at fn (/Users/at670475/IntelliJProjects/zowe_repo/api-layer/api-catalog-ui/frontend/node_modules/react-redux/lib/components/Provider.js:23:20)
    at construct (/Users/at670475/IntelliJProjects/zowe_repo/api-layer/api-catalog-ui/frontend/node_modules/react-router-dom/node_modules/react-router/cjs/react-router.js:80:30)
                        </code>
                      </pre>
                    </h5>
                  </div>
                </div>
              </div>
            </div>
          </div>
        </div>
      </div>
    </div>
  </body>,
  "container": <div>
    <div
      class="App"
    >
      <div>
        <div
          style="margin-left: 100px; margin-right: 100px;"
        >
          <br />
          <br />
          <div>
            <button
              class="MuiButtonBase-root MuiButton-root MuiButton-text"
              iconstart="[object Object]"
              tabindex="0"
              type="button"
            >
              <span
                class="MuiButton-label"
              >
                Go to Dashboard
              </span>
              <span
                class="MuiTouchRipple-root"
              />
            </button>
          </div>
          <br />
          <div
            class="local-dev-debug"
          >
            <h4
              class="MuiTypography-root MuiTypography-h4"
              style="color: rgb(222, 27, 27);"
            >
              An unexpected browser error occurred
            </h4>
            <br />
            <h6
              class="MuiTypography-root MuiTypography-h6"
              style="color: black; font-weight: semiBold;"
            >
              You are seeing this page because an unexpected error occurred while rendering your page.
              <br />
              <br />
              <b>
                You can return to the Dashboard by clicking on the button above.
              </b>
            </h6>
            <h6
              class="MuiTypography-root MuiTypography-h6"
            >
              <pre>
                <code>
                  Cannot read properties of undefined (reading 'errors')
                </code>
              </pre>
            </h6>
            <div
              class="wrap-collabsible"
            >
              <input
                class="toggle"
                id="collapsible"
                type="checkbox"
              />
              <label
                class="lbl-toggle"
                for="collapsible"
              >
                Display the error stack
              </label>
              <div
                class="collapsible-content"
              >
                <div
                  class="content-inner"
                >
                  <h5
                    class="MuiTypography-root MuiTypography-h5"
                  >
                    <pre>
                      <code>
                        TypeError: Cannot read properties of undefined (reading 'errors')
    at Function.mapToProps (/Users/at670475/IntelliJProjects/zowe_repo/api-layer/api-catalog-ui/frontend/src/components/Error/ErrorContainer.jsx:15:32)
    at proxy (/Users/at670475/IntelliJProjects/zowe_repo/api-layer/api-catalog-ui/frontend/node_modules/react-redux/lib/connect/wrapMapToProps.js:53:92)
    at Function.mapToProps (/Users/at670475/IntelliJProjects/zowe_repo/api-layer/api-catalog-ui/frontend/node_modules/react-redux/lib/connect/wrapMapToProps.js:62:19)
    at mapStateToProps (/Users/at670475/IntelliJProjects/zowe_repo/api-layer/api-catalog-ui/frontend/node_modules/react-redux/lib/connect/wrapMapToProps.js:53:46)
    at handleFirstCall (/Users/at670475/IntelliJProjects/zowe_repo/api-layer/api-catalog-ui/frontend/node_modules/react-redux/lib/connect/selectorFactory.js:36:18)
    at childPropsSelector (/Users/at670475/IntelliJProjects/zowe_repo/api-layer/api-catalog-ui/frontend/node_modules/react-redux/lib/connect/selectorFactory.js:77:81)
    at nextCreate (/Users/at670475/IntelliJProjects/zowe_repo/api-layer/api-catalog-ui/frontend/node_modules/react-redux/lib/components/connectAdvanced.js:344:16)
    at mountMemo (/Users/at670475/IntelliJProjects/zowe_repo/api-layer/api-catalog-ui/frontend/node_modules/react-dom/cjs/react-dom.development.js:15846:19)
    at Object.useMemo (/Users/at670475/IntelliJProjects/zowe_repo/api-layer/api-catalog-ui/frontend/node_modules/react-dom/cjs/react-dom.development.js:16219:16)
    at usePureOnlyMemo (/Users/at670475/IntelliJProjects/zowe_repo/api-layer/api-catalog-ui/frontend/node_modules/react/cjs/react.development.js:1532:21)
    at Component (/Users/at670475/IntelliJProjects/zowe_repo/api-layer/api-catalog-ui/frontend/node_modules/react-redux/lib/components/connectAdvanced.js:329:30)
    at renderWithHooks (/Users/at670475/IntelliJProjects/zowe_repo/api-layer/api-catalog-ui/frontend/node_modules/react-dom/cjs/react-dom.development.js:14985:18)
    at updateFunctionComponent (/Users/at670475/IntelliJProjects/zowe_repo/api-layer/api-catalog-ui/frontend/node_modules/react-dom/cjs/react-dom.development.js:17356:20)
    at updateSimpleMemoComponent (/Users/at670475/IntelliJProjects/zowe_repo/api-layer/api-catalog-ui/frontend/node_modules/react-dom/cjs/react-dom.development.js:17215:10)
    at updateMemoComponent (/Users/at670475/IntelliJProjects/zowe_repo/api-layer/api-catalog-ui/frontend/node_modules/react-dom/cjs/react-dom.development.js:17092:14)
    at apply (/Users/at670475/IntelliJProjects/zowe_repo/api-layer/api-catalog-ui/frontend/node_modules/react-dom/cjs/react-dom.development.js:19135:16)
    at HTMLUnknownElement.callCallback (/Users/at670475/IntelliJProjects/zowe_repo/api-layer/api-catalog-ui/frontend/node_modules/react-dom/cjs/react-dom.development.js:3945:14)
    at HTMLUnknownElement.callTheUserObjectsOperation (/Users/at670475/IntelliJProjects/zowe_repo/api-layer/api-catalog-ui/frontend/node_modules/jsdom/lib/jsdom/living/generated/EventListener.js:26:30)
    at innerInvokeEventListeners (/Users/at670475/IntelliJProjects/zowe_repo/api-layer/api-catalog-ui/frontend/node_modules/jsdom/lib/jsdom/living/events/EventTarget-impl.js:338:25)
    at invokeEventListeners (/Users/at670475/IntelliJProjects/zowe_repo/api-layer/api-catalog-ui/frontend/node_modules/jsdom/lib/jsdom/living/events/EventTarget-impl.js:274:3)
    at HTMLUnknownElementImpl._dispatch (/Users/at670475/IntelliJProjects/zowe_repo/api-layer/api-catalog-ui/frontend/node_modules/jsdom/lib/jsdom/living/events/EventTarget-impl.js:221:9)
    at HTMLUnknownElementImpl.dispatchEvent (/Users/at670475/IntelliJProjects/zowe_repo/api-layer/api-catalog-ui/frontend/node_modules/jsdom/lib/jsdom/living/events/EventTarget-impl.js:94:17)
    at HTMLUnknownElement.dispatchEvent (/Users/at670475/IntelliJProjects/zowe_repo/api-layer/api-catalog-ui/frontend/node_modules/jsdom/lib/jsdom/living/generated/EventTarget.js:231:34)
    at Object.apply (/Users/at670475/IntelliJProjects/zowe_repo/api-layer/api-catalog-ui/frontend/node_modules/react-dom/cjs/react-dom.development.js:3994:16)
    at invokeGuardedCallback (/Users/at670475/IntelliJProjects/zowe_repo/api-layer/api-catalog-ui/frontend/node_modules/react-dom/cjs/react-dom.development.js:4056:31)
    at beginWork$1 (/Users/at670475/IntelliJProjects/zowe_repo/api-layer/api-catalog-ui/frontend/node_modules/react-dom/cjs/react-dom.development.js:23964:7)
    at performUnitOfWork (/Users/at670475/IntelliJProjects/zowe_repo/api-layer/api-catalog-ui/frontend/node_modules/react-dom/cjs/react-dom.development.js:22779:12)
    at workLoopSync (/Users/at670475/IntelliJProjects/zowe_repo/api-layer/api-catalog-ui/frontend/node_modules/react-dom/cjs/react-dom.development.js:22707:5)
    at renderRootSync (/Users/at670475/IntelliJProjects/zowe_repo/api-layer/api-catalog-ui/frontend/node_modules/react-dom/cjs/react-dom.development.js:22670:7)
    at performSyncWorkOnRoot (/Users/at670475/IntelliJProjects/zowe_repo/api-layer/api-catalog-ui/frontend/node_modules/react-dom/cjs/react-dom.development.js:22293:18)
    at scheduleUpdateOnFiber (/Users/at670475/IntelliJProjects/zowe_repo/api-layer/api-catalog-ui/frontend/node_modules/react-dom/cjs/react-dom.development.js:21881:7)
    at updateContainer (/Users/at670475/IntelliJProjects/zowe_repo/api-layer/api-catalog-ui/frontend/node_modules/react-dom/cjs/react-dom.development.js:25482:3)
    at fn (/Users/at670475/IntelliJProjects/zowe_repo/api-layer/api-catalog-ui/frontend/node_modules/react-dom/cjs/react-dom.development.js:26021:7)
    at unbatchedUpdates (/Users/at670475/IntelliJProjects/zowe_repo/api-layer/api-catalog-ui/frontend/node_modules/react-dom/cjs/react-dom.development.js:22431:12)
    at legacyRenderSubtreeIntoContainer (/Users/at670475/IntelliJProjects/zowe_repo/api-layer/api-catalog-ui/frontend/node_modules/react-dom/cjs/react-dom.development.js:26020:5)
    at Object.render (/Users/at670475/IntelliJProjects/zowe_repo/api-layer/api-catalog-ui/frontend/node_modules/react-dom/cjs/react-dom.development.js:26103:10)
    at fn (/Users/at670475/IntelliJProjects/zowe_repo/api-layer/api-catalog-ui/frontend/node_modules/@testing-library/react/dist/pure.js:101:25)
    at batchedUpdates (/Users/at670475/IntelliJProjects/zowe_repo/api-layer/api-catalog-ui/frontend/node_modules/react-dom/cjs/react-dom.development.js:22380:12)
    at act (/Users/at670475/IntelliJProjects/zowe_repo/api-layer/api-catalog-ui/frontend/node_modules/react-dom/cjs/react-dom-test-utils.development.js:1042:14)
    at render (/Users/at670475/IntelliJProjects/zowe_repo/api-layer/api-catalog-ui/frontend/node_modules/@testing-library/react/dist/pure.js:97:25)
    at Object.&lt;anonymous&gt; (/Users/at670475/IntelliJProjects/zowe_repo/api-layer/api-catalog-ui/frontend/src/components/App/AppContainer.test.jsx:49:27)
    at Promise.then.completed (/Users/at670475/IntelliJProjects/zowe_repo/api-layer/api-catalog-ui/frontend/node_modules/jest-circus/build/utils.js:391:28)
    at new Promise (&lt;anonymous&gt;)
    at callAsyncCircusFn (/Users/at670475/IntelliJProjects/zowe_repo/api-layer/api-catalog-ui/frontend/node_modules/jest-circus/build/utils.js:316:10)
    at _callCircusHook (/Users/at670475/IntelliJProjects/zowe_repo/api-layer/api-catalog-ui/frontend/node_modules/jest-circus/build/run.js:181:40)
    at processTicksAndRejections (node:internal/process/task_queues:96:5)
    at _runTest (/Users/at670475/IntelliJProjects/zowe_repo/api-layer/api-catalog-ui/frontend/node_modules/jest-circus/build/run.js:148:5)
    at _runTestsForDescribeBlock (/Users/at670475/IntelliJProjects/zowe_repo/api-layer/api-catalog-ui/frontend/node_modules/jest-circus/build/run.js:66:9)
    at _runTestsForDescribeBlock (/Users/at670475/IntelliJProjects/zowe_repo/api-layer/api-catalog-ui/frontend/node_modules/jest-circus/build/run.js:60:9)
    at run (/Users/at670475/IntelliJProjects/zowe_repo/api-layer/api-catalog-ui/frontend/node_modules/jest-circus/build/run.js:25:3)
    at runAndTransformResultsToJestFormat (/Users/at670475/IntelliJProjects/zowe_repo/api-layer/api-catalog-ui/frontend/node_modules/jest-circus/build/legacy-code-todo-rewrite/jestAdapterInit.js:170:21)
    at jestAdapter (/Users/at670475/IntelliJProjects/zowe_repo/api-layer/api-catalog-ui/frontend/node_modules/jest-circus/build/legacy-code-todo-rewrite/jestAdapter.js:68:19)
    at runTestInternal (/Users/at670475/IntelliJProjects/zowe_repo/api-layer/api-catalog-ui/frontend/node_modules/react-scripts/node_modules/jest-runner/build/runTest.js:250:16)
    at runTest (/Users/at670475/IntelliJProjects/zowe_repo/api-layer/api-catalog-ui/frontend/node_modules/react-scripts/node_modules/jest-runner/build/runTest.js:310:7)
    at TestRunner.runTests (/Users/at670475/IntelliJProjects/zowe_repo/api-layer/api-catalog-ui/frontend/node_modules/react-scripts/node_modules/jest-runner/build/index.js:73:12)
    at TestScheduler.scheduleTests (/Users/at670475/IntelliJProjects/zowe_repo/api-layer/api-catalog-ui/frontend/node_modules/react-scripts/node_modules/@jest/core/build/TestScheduler.js:333:13)
    at runJest (/Users/at670475/IntelliJProjects/zowe_repo/api-layer/api-catalog-ui/frontend/node_modules/react-scripts/node_modules/@jest/core/build/runJest.js:404:19)
    at _run10000 (/Users/at670475/IntelliJProjects/zowe_repo/api-layer/api-catalog-ui/frontend/node_modules/react-scripts/node_modules/@jest/core/build/cli/index.js:320:7)
    at runCLI (/Users/at670475/IntelliJProjects/zowe_repo/api-layer/api-catalog-ui/frontend/node_modules/react-scripts/node_modules/@jest/core/build/cli/index.js:173:3)
    at Object.run (/Users/at670475/IntelliJProjects/zowe_repo/api-layer/api-catalog-ui/frontend/node_modules/react-scripts/node_modules/jest-cli/build/cli/index.js:155:37)
                      </code>
                    </pre>
                  </h5>
                </div>
              </div>
            </div>
            <br />
            <br />
            <div
              class="wrap-collabsible2"
            >
              <input
                class="toggle2"
                id="collapsible2"
                type="checkbox"
              />
              <label
                class="lbl-toggle2"
                for="collapsible2"
              >
                Display the component stack
              </label>
              <div
                class="collapsible-content2"
              >
                <div
                  class="content-inner2"
                >
                  <h5
                    class="MuiTypography-root MuiTypography-h5"
                  >
                    <pre>
                      <code>
                        
    at fn (/Users/at670475/IntelliJProjects/zowe_repo/api-layer/api-catalog-ui/frontend/node_modules/react-redux/lib/components/connectAdvanced.js:238:40)
    at construct (/Users/at670475/IntelliJProjects/zowe_repo/api-layer/api-catalog-ui/frontend/src/components/ErrorBoundary/BigShield/BigShield.jsx:18:9)
    at div
    at construct (/Users/at670475/IntelliJProjects/zowe_repo/api-layer/api-catalog-ui/frontend/src/components/App/App.jsx:24:1)
    at fn (/Users/at670475/IntelliJProjects/zowe_repo/api-layer/api-catalog-ui/frontend/node_modules/react-router-dom/node_modules/react-router/modules/withRouter.js:14:13)
    at fn (/Users/at670475/IntelliJProjects/zowe_repo/api-layer/api-catalog-ui/frontend/node_modules/react-redux/lib/components/Provider.js:23:20)
    at construct (/Users/at670475/IntelliJProjects/zowe_repo/api-layer/api-catalog-ui/frontend/node_modules/react-router-dom/node_modules/react-router/cjs/react-router.js:80:30)
                      </code>
                    </pre>
                  </h5>
                </div>
              </div>
            </div>
          </div>
        </div>
      </div>
    </div>
  </div>,
  "debug": [Function],
  "findAllByAltText": [Function],
  "findAllByDisplayValue": [Function],
  "findAllByLabelText": [Function],
  "findAllByPlaceholderText": [Function],
  "findAllByRole": [Function],
  "findAllByTestId": [Function],
  "findAllByText": [Function],
  "findAllByTitle": [Function],
  "findByAltText": [Function],
  "findByDisplayValue": [Function],
  "findByLabelText": [Function],
  "findByPlaceholderText": [Function],
  "findByRole": [Function],
  "findByTestId": [Function],
  "findByText": [Function],
  "findByTitle": [Function],
  "getAllByAltText": [Function],
  "getAllByDisplayValue": [Function],
  "getAllByLabelText": [Function],
  "getAllByPlaceholderText": [Function],
  "getAllByRole": [Function],
  "getAllByTestId": [Function],
  "getAllByText": [Function],
  "getAllByTitle": [Function],
  "getByAltText": [Function],
  "getByDisplayValue": [Function],
  "getByLabelText": [Function],
  "getByPlaceholderText": [Function],
  "getByRole": [Function],
  "getByTestId": [Function],
  "getByText": [Function],
  "getByTitle": [Function],
  "queryAllByAltText": [Function],
  "queryAllByDisplayValue": [Function],
  "queryAllByLabelText": [Function],
  "queryAllByPlaceholderText": [Function],
  "queryAllByRole": [Function],
  "queryAllByTestId": [Function],
  "queryAllByText": [Function],
  "queryAllByTitle": [Function],
  "queryByAltText": [Function],
  "queryByDisplayValue": [Function],
  "queryByLabelText": [Function],
  "queryByPlaceholderText": [Function],
  "queryByRole": [Function],
  "queryByTestId": [Function],
  "queryByText": [Function],
  "queryByTitle": [Function],
  "rerender": [Function],
  "unmount": [Function],
}
`;
