// Jest Snapshot v1, https://goo.gl/fbAQLP

exports[`id-federation map command should fail when options are not passed 1`] = `
"Command Error:
Following arguments are missing: \\"esm, lpar\\"
"
`;

exports[`id-federation map command should fail when options are not passed 2`] = `
"Input file: file.csv
ESM: undefined
LPAR: undefined
"
`;

exports[`id-federation map command should print input args from old school profile and other sources 1`] = `
"Input file: file.csv
ESM: ACF2
LPAR: TST1
"
`;

exports[`id-federation map command should print input args from team config profile and other sources 1`] = `
"Input file: file.csv
ESM: RACF
LPAR: TST2
"
`;
