// Jest Snapshot v1, https://goo.gl/fbAQLP

exports[`Header Container should render the container 1`] = `
Object {
  "asFragment": [Function],
  "baseElement": <body>
    <div>
      <div
        class="header"
      >
        <div
          class="product-name"
        >
          <a
            class="MuiTypography-root MuiLink-root MuiLink-underlineHover MuiTypography-colorPrimary"
            data-testid="link"
            href="#/dashboard"
          >
            <div
              class="app-icon-container"
            >
              <img
                alt="API Catalog Product Name"
                id="logo"
                src="api-catalog-logo.png"
              />
            </div>
          </a>
          <a
            class="MuiTypography-root MuiLink-root MuiLink-underlineHover MuiTypography-colorPrimary"
            href="#/dashboard"
          >
            <h6
              class="MuiTypography-root MuiTypography-subtitle2"
            >
              API Catalog
            </h6>
          </a>
        </div>
        <div
          class="right-icons"
        >
          <div
            class="logout-container"
          >
            <button
              aria-haspopup="true"
              aria-label="more"
              class="MuiButtonBase-root MuiButton-root MuiButton-text makeStyles-root-1"
              data-testid="logout-menu"
              tabindex="0"
              type="button"
            >
              <span
                class="MuiButton-label"
              >
                <svg
                  aria-hidden="true"
                  class="MuiSvgIcon-root"
                  focusable="false"
                  id="profileIcon"
                  style="color: white;"
                  viewBox="0 0 24 24"
                >
                  <path
                    d="M12 12c2.21 0 4-1.79 4-4s-1.79-4-4-4-4 1.79-4 4 1.79 4 4 4zm0 2c-2.67 0-8 1.34-8 4v2h16v-2c0-2.66-5.33-4-8-4z"
                  />
                </svg>
                <span
                  class="MuiButton-endIcon MuiButton-iconSizeMedium"
                >
                  <svg
                    aria-hidden="true"
                    class="MuiSvgIcon-root"
                    focusable="false"
                    id="down-arrow"
                    viewBox="0 0 24 24"
                  >
                    <path
                      d="M7.41 8.59L12 13.17l4.59-4.58L18 10l-6 6-6-6 1.41-1.41z"
                    />
                  </svg>
                </span>
              </span>
              <span
                class="MuiTouchRipple-root"
              />
            </button>
          </div>
        </div>
      </div>
    </div>
    <div
      aria-hidden="true"
      class="MuiPopover-root Component-root-2 Component-root-3"
      role="presentation"
      style="position: fixed; z-index: 1300; right: 0px; bottom: 0px; top: 0px; left: 0px; visibility: hidden;"
    >
      <div
        data-test="sentinelStart"
        tabindex="0"
      />
      <div
        class="MuiPaper-root MuiMenu-paper MuiPopover-paper MuiPaper-elevation0 MuiPaper-rounded"
        style="opacity: 0; transform: scale(0.75, 0.5625); visibility: hidden;"
        tabindex="-1"
      >
        <ul
          class="MuiList-root MuiMenu-list MuiList-padding"
          role="menu"
          tabindex="-1"
        >
          <div
            id="profile-menu"
            tabindex="0"
          >
            <div
              class="MuiTypography-root MuiTypography-subtitle2 MuiTypography-gutterBottom"
              id="user-info-text"
            >
              Logged in as 
              <strong />
            </div>
            <hr
              class="MuiDivider-root"
            />
            <li
              aria-disabled="false"
              class="MuiButtonBase-root MuiListItem-root MuiMenuItem-root MuiMenuItem-gutters MuiListItem-gutters MuiListItem-button"
              data-testid="logout"
              id="logout-button"
              role="menuitem"
              tabindex="-1"
            >
              Log out
              <span
                class="MuiTouchRipple-root"
              />
            </li>
          </div>
        </ul>
      </div>
      <div
        data-test="sentinelEnd"
        tabindex="0"
      />
    </div>
  </body>,
  "container": <div>
    <div
      class="header"
    >
      <div
        class="product-name"
      >
        <a
          class="MuiTypography-root MuiLink-root MuiLink-underlineHover MuiTypography-colorPrimary"
          data-testid="link"
          href="#/dashboard"
        >
          <div
            class="app-icon-container"
          >
            <img
              alt="API Catalog Product Name"
              id="logo"
              src="api-catalog-logo.png"
            />
          </div>
        </a>
        <a
          class="MuiTypography-root MuiLink-root MuiLink-underlineHover MuiTypography-colorPrimary"
          href="#/dashboard"
        >
          <h6
            class="MuiTypography-root MuiTypography-subtitle2"
          >
            API Catalog
          </h6>
        </a>
      </div>
      <div
        class="right-icons"
      >
        <div
          class="logout-container"
        >
          <button
            aria-haspopup="true"
            aria-label="more"
            class="MuiButtonBase-root MuiButton-root MuiButton-text makeStyles-root-1"
            data-testid="logout-menu"
            tabindex="0"
            type="button"
          >
            <span
              class="MuiButton-label"
            >
              <svg
                aria-hidden="true"
                class="MuiSvgIcon-root"
                focusable="false"
                id="profileIcon"
                style="color: white;"
                viewBox="0 0 24 24"
              >
                <path
                  d="M12 12c2.21 0 4-1.79 4-4s-1.79-4-4-4-4 1.79-4 4 1.79 4 4 4zm0 2c-2.67 0-8 1.34-8 4v2h16v-2c0-2.66-5.33-4-8-4z"
                />
              </svg>
              <span
                class="MuiButton-endIcon MuiButton-iconSizeMedium"
              >
                <svg
                  aria-hidden="true"
                  class="MuiSvgIcon-root"
                  focusable="false"
                  id="down-arrow"
                  viewBox="0 0 24 24"
                >
                  <path
                    d="M7.41 8.59L12 13.17l4.59-4.58L18 10l-6 6-6-6 1.41-1.41z"
                  />
                </svg>
              </span>
            </span>
            <span
              class="MuiTouchRipple-root"
            />
          </button>
        </div>
      </div>
    </div>
  </div>,
  "debug": [Function],
  "findAllByAltText": [Function],
  "findAllByDisplayValue": [Function],
  "findAllByLabelText": [Function],
  "findAllByPlaceholderText": [Function],
  "findAllByRole": [Function],
  "findAllByTestId": [Function],
  "findAllByText": [Function],
  "findAllByTitle": [Function],
  "findByAltText": [Function],
  "findByDisplayValue": [Function],
  "findByLabelText": [Function],
  "findByPlaceholderText": [Function],
  "findByRole": [Function],
  "findByTestId": [Function],
  "findByText": [Function],
  "findByTitle": [Function],
  "getAllByAltText": [Function],
  "getAllByDisplayValue": [Function],
  "getAllByLabelText": [Function],
  "getAllByPlaceholderText": [Function],
  "getAllByRole": [Function],
  "getAllByTestId": [Function],
  "getAllByText": [Function],
  "getAllByTitle": [Function],
  "getByAltText": [Function],
  "getByDisplayValue": [Function],
  "getByLabelText": [Function],
  "getByPlaceholderText": [Function],
  "getByRole": [Function],
  "getByTestId": [Function],
  "getByText": [Function],
  "getByTitle": [Function],
  "queryAllByAltText": [Function],
  "queryAllByDisplayValue": [Function],
  "queryAllByLabelText": [Function],
  "queryAllByPlaceholderText": [Function],
  "queryAllByRole": [Function],
  "queryAllByTestId": [Function],
  "queryAllByText": [Function],
  "queryAllByTitle": [Function],
  "queryByAltText": [Function],
  "queryByDisplayValue": [Function],
  "queryByLabelText": [Function],
  "queryByPlaceholderText": [Function],
  "queryByRole": [Function],
  "queryByTestId": [Function],
  "queryByText": [Function],
  "queryByTitle": [Function],
  "rerender": [Function],
  "unmount": [Function],
}
`;
