// Jest Snapshot v1, https://goo.gl/fbAQLP

exports[`WizardNavigation Container should render the container 1`] = `
Object {
  "asFragment": [Function],
  "baseElement": <body>
    <div>
      <div
        class="MuiBox-root MuiBox-root-1"
      >
        <div
          class="MuiTabs-root MuiTabs-vertical"
          id="wizard-navigation"
          label="Categories"
          position="start"
          sx="[object Object]"
        >
          <div
            class="MuiTabs-scrollable"
            style="width: 99px; height: 99px; position: absolute; top: -9999px; overflow: scroll;"
          />
          <div
            class="MuiTabs-scroller MuiTabs-scrollable"
            style="margin-bottom: 0px;"
          >
            <div
              class="MuiTabs-flexContainer MuiTabs-flexContainerVertical"
              role="tablist"
            >
              <button
                aria-selected="true"
                class="MuiButtonBase-root MuiTab-root MuiTab-textColorInherit Mui-selected"
                role="tab"
                tabindex="0"
                type="button"
              >
                <span
                  class="MuiTab-wrapper"
                >
                  YAML result
                </span>
                <span
                  class="MuiTouchRipple-root"
                />
              </button>
            </div>
            <span
              class="PrivateTabIndicator-root-2 PrivateTabIndicator-colorSecondary-4 MuiTabs-indicator PrivateTabIndicator-vertical-5"
              style="top: 0px; height: 0px;"
            />
          </div>
        </div>
        <div
          aria-labelledby="vertical-tab-0"
          id="vertical-tabpanel-0"
          role="tabpanel"
        >
          <div
            class="MuiBox-root MuiBox-root-6"
          >
            <div
              class="yamlContainer"
            >
              <div
                id="copyButtonContainer"
              >
                <button
                  class="MuiButtonBase-root MuiButton-root MuiButton-text MuiButton-textSizeSmall MuiButton-sizeSmall"
                  tabindex="0"
                  type="button"
                >
                  <span
                    class="MuiButton-label"
                  >
                    <span
                      class="MuiButton-startIcon MuiButton-iconSizeSmall"
                    >
                      <svg
                        aria-hidden="true"
                        class="MuiSvgIcon-root"
                        focusable="false"
                        viewBox="0 0 24 24"
                      >
                        <path
                          d="M16 1H4c-1.1 0-2 .9-2 2v14h2V3h12V1zm-1 4l6 6v10c0 1.1-.9 2-2 2H7.99C6.89 23 6 22.1 6 21l.01-14c0-1.1.89-2 1.99-2h7zm-1 7h5.5L14 6.5V12z"
                        />
                      </svg>
                    </span>
                    Copy
                  </span>
                  <span
                    class="MuiTouchRipple-root"
                  />
                </button>
              </div>
              <code>
                

              </code>
            </div>
          </div>
        </div>
      </div>
    </div>
  </body>,
  "container": <div>
    <div
      class="MuiBox-root MuiBox-root-1"
    >
      <div
        class="MuiTabs-root MuiTabs-vertical"
        id="wizard-navigation"
        label="Categories"
        position="start"
        sx="[object Object]"
      >
        <div
          class="MuiTabs-scrollable"
          style="width: 99px; height: 99px; position: absolute; top: -9999px; overflow: scroll;"
        />
        <div
          class="MuiTabs-scroller MuiTabs-scrollable"
          style="margin-bottom: 0px;"
        >
          <div
            class="MuiTabs-flexContainer MuiTabs-flexContainerVertical"
            role="tablist"
          >
            <button
              aria-selected="true"
              class="MuiButtonBase-root MuiTab-root MuiTab-textColorInherit Mui-selected"
              role="tab"
              tabindex="0"
              type="button"
            >
              <span
                class="MuiTab-wrapper"
              >
                YAML result
              </span>
              <span
                class="MuiTouchRipple-root"
              />
            </button>
          </div>
          <span
            class="PrivateTabIndicator-root-2 PrivateTabIndicator-colorSecondary-4 MuiTabs-indicator PrivateTabIndicator-vertical-5"
            style="top: 0px; height: 0px;"
          />
        </div>
      </div>
      <div
        aria-labelledby="vertical-tab-0"
        id="vertical-tabpanel-0"
        role="tabpanel"
      >
        <div
          class="MuiBox-root MuiBox-root-6"
        >
          <div
            class="yamlContainer"
          >
            <div
              id="copyButtonContainer"
            >
              <button
                class="MuiButtonBase-root MuiButton-root MuiButton-text MuiButton-textSizeSmall MuiButton-sizeSmall"
                tabindex="0"
                type="button"
              >
                <span
                  class="MuiButton-label"
                >
                  <span
                    class="MuiButton-startIcon MuiButton-iconSizeSmall"
                  >
                    <svg
                      aria-hidden="true"
                      class="MuiSvgIcon-root"
                      focusable="false"
                      viewBox="0 0 24 24"
                    >
                      <path
                        d="M16 1H4c-1.1 0-2 .9-2 2v14h2V3h12V1zm-1 4l6 6v10c0 1.1-.9 2-2 2H7.99C6.89 23 6 22.1 6 21l.01-14c0-1.1.89-2 1.99-2h7zm-1 7h5.5L14 6.5V12z"
                      />
                    </svg>
                  </span>
                  Copy
                </span>
                <span
                  class="MuiTouchRipple-root"
                />
              </button>
            </div>
            <code>
              

            </code>
          </div>
        </div>
      </div>
    </div>
  </div>,
  "debug": [Function],
  "findAllByAltText": [Function],
  "findAllByDisplayValue": [Function],
  "findAllByLabelText": [Function],
  "findAllByPlaceholderText": [Function],
  "findAllByRole": [Function],
  "findAllByTestId": [Function],
  "findAllByText": [Function],
  "findAllByTitle": [Function],
  "findByAltText": [Function],
  "findByDisplayValue": [Function],
  "findByLabelText": [Function],
  "findByPlaceholderText": [Function],
  "findByRole": [Function],
  "findByTestId": [Function],
  "findByText": [Function],
  "findByTitle": [Function],
  "getAllByAltText": [Function],
  "getAllByDisplayValue": [Function],
  "getAllByLabelText": [Function],
  "getAllByPlaceholderText": [Function],
  "getAllByRole": [Function],
  "getAllByTestId": [Function],
  "getAllByText": [Function],
  "getAllByTitle": [Function],
  "getByAltText": [Function],
  "getByDisplayValue": [Function],
  "getByLabelText": [Function],
  "getByPlaceholderText": [Function],
  "getByRole": [Function],
  "getByTestId": [Function],
  "getByText": [Function],
  "getByTitle": [Function],
  "queryAllByAltText": [Function],
  "queryAllByDisplayValue": [Function],
  "queryAllByLabelText": [Function],
  "queryAllByPlaceholderText": [Function],
  "queryAllByRole": [Function],
  "queryAllByTestId": [Function],
  "queryAllByText": [Function],
  "queryAllByTitle": [Function],
  "queryByAltText": [Function],
  "queryByDisplayValue": [Function],
  "queryByLabelText": [Function],
  "queryByPlaceholderText": [Function],
  "queryByRole": [Function],
  "queryByTestId": [Function],
  "queryByText": [Function],
  "queryByTitle": [Function],
  "rerender": [Function],
  "unmount": [Function],
}
`;
