// Jest Snapshot v1, https://goo.gl/fbAQLP

exports[`map handler should accept options and print message 1`] = `
" Input file: fake-file.csv
ESM: fakeESM
LPAR: fakeLPAR"
`;

exports[`map handler throw an error 1`] = `
" Input file: fake-file.csv
ESM: undefined
LPAR: undefined"
`;

exports[`map handler throw an error 2`] = `"Following arguments are missing: \\"esm, lpar\\""`;
